kotlin version: 2.2.10
error message: Incremental compilation failed: Unable to allocate 1048576 bytes
java.lang.OutOfMemoryError: Unable to allocate 1048576 bytes
	at java.base/jdk.internal.misc.Unsafe.allocateMemory(Unknown Source)
	at java.base/java.nio.DirectByteBuffer.<init>(Unknown Source)
	at java.base/java.nio.ByteBuffer.allocateDirect(Unknown Source)
	at org.jetbrains.kotlin.com.intellij.util.io.DirectByteBufferAllocator.lambda$allocateNewBuffer$1(DirectByteBufferAllocator.java:181)
	at org.jetbrains.kotlin.com.intellij.util.io.DirectByteBufferAllocator.allocate(DirectByteBufferAllocator.java:64)
	at org.jetbrains.kotlin.com.intellij.util.io.DirectByteBufferAllocator.allocateNewBuffer(DirectByteBufferAllocator.java:181)
	at org.jetbrains.kotlin.com.intellij.util.io.DirectByteBufferAllocator.allocate(DirectByteBufferAllocator.java:153)
	at org.jetbrains.kotlin.com.intellij.util.io.DirectBufferWrapper.allocateAndLoadFileContent(DirectBufferWrapper.java:234)
	at org.jetbrains.kotlin.com.intellij.util.io.DirectBufferWrapper.<init>(DirectBufferWrapper.java:65)
	at org.jetbrains.kotlin.com.intellij.util.io.FilePageCache.allocateAndLoadPage(FilePageCache.java:542)
	at org.jetbrains.kotlin.com.intellij.util.io.FilePageCache.get(FilePageCache.java:238)
	at org.jetbrains.kotlin.com.intellij.util.io.PagedFileStorage.doGetBufferWrapper(PagedFileStorage.java:458)
	at org.jetbrains.kotlin.com.intellij.util.io.PagedFileStorage.getBufferWrapper(PagedFileStorage.java:430)
	at org.jetbrains.kotlin.com.intellij.util.io.PagedFileStorage.getReadOnlyBuffer(PagedFileStorage.java:425)
	at org.jetbrains.kotlin.com.intellij.util.io.PagedFileStorage.getInt(PagedFileStorage.java:170)
	at org.jetbrains.kotlin.com.intellij.util.io.ResizeableMappedFile.getInt(ResizeableMappedFile.java:241)
	at org.jetbrains.kotlin.com.intellij.util.io.PersistentEnumeratorBase.<init>(PersistentEnumeratorBase.java:157)
	at org.jetbrains.kotlin.com.intellij.util.io.PersistentBTreeEnumerator.<init>(PersistentBTreeEnumerator.java:121)
	at org.jetbrains.kotlin.com.intellij.util.io.PersistentEnumerator.createDefaultEnumerator(PersistentEnumerator.java:52)
	at org.jetbrains.kotlin.com.intellij.util.io.PersistentMapImpl.<init>(PersistentMapImpl.java:165)
	at org.jetbrains.kotlin.com.intellij.util.io.PersistentMapImpl.<init>(PersistentMapImpl.java:140)
	at org.jetbrains.kotlin.com.intellij.util.io.PersistentMapBuilder.buildImplementation(PersistentMapBuilder.java:88)
	at org.jetbrains.kotlin.com.intellij.util.io.PersistentMapBuilder.build(PersistentMapBuilder.java:71)
	at org.jetbrains.kotlin.com.intellij.util.io.PersistentHashMap.<init>(PersistentHashMap.java:46)
	at org.jetbrains.kotlin.com.intellij.util.io.PersistentHashMap.<init>(PersistentHashMap.java:72)
	at org.jetbrains.kotlin.incremental.storage.LazyStorage.createMap(LazyStorage.kt:62)
	at org.jetbrains.kotlin.incremental.storage.LazyStorage.getStorageIfExists(LazyStorage.kt:53)
	at org.jetbrains.kotlin.incremental.storage.LazyStorage.get(LazyStorage.kt:76)
	at org.jetbrains.kotlin.incremental.storage.InMemoryStorage.get(InMemoryStorage.kt:68)
	at org.jetbrains.kotlin.incremental.storage.PersistentStorageWrapper.get(PersistentStorage.kt:105)
	at org.jetbrains.kotlin.incremental.LookupStorage.removeLookupsFrom(LookupStorage.kt:131)
	at org.jetbrains.kotlin.incremental.BuildUtilKt.update(buildUtil.kt:132)
	at org.jetbrains.kotlin.incremental.IncrementalCompilerRunner.doCompile(IncrementalCompilerRunner.kt:550)
	at org.jetbrains.kotlin.incremental.IncrementalCompilerRunner.compileImpl(IncrementalCompilerRunner.kt:421)
	at org.jetbrains.kotlin.incremental.IncrementalCompilerRunner.tryCompileIncrementally$lambda$10$compile(IncrementalCompilerRunner.kt:254)
	at org.jetbrains.kotlin.incremental.IncrementalCompilerRunner.tryCompileIncrementally(IncrementalCompilerRunner.kt:272)
	at org.jetbrains.kotlin.incremental.IncrementalCompilerRunner.compile(IncrementalCompilerRunner.kt:124)
	at org.jetbrains.kotlin.daemon.CompileServiceImplBase.execIncrementalCompiler(CompileServiceImpl.kt:679)
	at org.jetbrains.kotlin.daemon.CompileServiceImplBase.access$execIncrementalCompiler(CompileServiceImpl.kt:93)
	at org.jetbrains.kotlin.daemon.CompileServiceImpl.compile(CompileServiceImpl.kt:1806)
	at java.base/jdk.internal.reflect.DirectMethodHandleAccessor.invoke(Unknown Source)
	at java.base/java.lang.reflect.Method.invoke(Unknown Source)
	at java.rmi/sun.rmi.server.UnicastServerRef.dispatch(Unknown Source)
	at java.rmi/sun.rmi.transport.Transport$1.run(Unknown Source)
	at java.rmi/sun.rmi.transport.Transport$1.run(Unknown Source)
	at java.base/java.security.AccessController.doPrivileged(Unknown Source)
	at java.rmi/sun.rmi.transport.Transport.serviceCall(Unknown Source)
	at java.rmi/sun.rmi.transport.tcp.TCPTransport.handleMessages(Unknown Source)
	at java.rmi/sun.rmi.transport.tcp.TCPTransport$ConnectionHandler.run0(Unknown Source)
	at java.rmi/sun.rmi.transport.tcp.TCPTransport$ConnectionHandler.lambda$run$0(Unknown Source)
	at java.base/java.security.AccessController.doPrivileged(Unknown Source)
	at java.rmi/sun.rmi.transport.tcp.TCPTransport$ConnectionHandler.run(Unknown Source)
	at java.base/java.util.concurrent.ThreadPoolExecutor.runWorker(Unknown Source)
	at java.base/java.util.concurrent.ThreadPoolExecutor$Worker.run(Unknown Source)
	at java.base/java.lang.Thread.run(Unknown Source)


